// Jest Snapshot v1, https://goo.gl/fbAQLP

exports[`SplashScreen renders correctly 1`] = `
<View
  style={
    {
      "alignItems": "center",
      "flexBasis": 0,
      "flexGrow": 1,
      "flexShrink": 1,
      "justifyContent": "space-between",
    }
  }
>
  <Image
    source={1}
    style={
      {
        "height": "100%",
        "left": 0,
        "position": "absolute",
        "top": 0,
        "width": "100%",
      }
    }
  />
  <View
    style={
      {
        "marginTop": 200,
      }
    }
  >
    <SvgMock
      testID="logo"
    />
  </View>
  <View
    style={
      {
        "marginBottom": 50,
        "width": "80%",
      }
    }
  >
    <View
      accessibilityState={
        {
          "busy": undefined,
          "checked": undefined,
          "disabled": undefined,
          "expanded": undefined,
          "selected": undefined,
        }
      }
      accessibilityValue={
        {
          "max": undefined,
          "min": undefined,
          "now": undefined,
          "text": undefined,
        }
      }
      accessible={true}
      collapsable={false}
      focusable={true}
      onClick={[Function]}
      onResponderGrant={[Function]}
      onResponderMove={[Function]}
      onResponderRelease={[Function]}
      onResponderTerminate={[Function]}
      onResponderTerminationRequest={[Function]}
      onStartShouldSetResponder={[Function]}
      style={
        {
          "backgroundColor": "#EB0057",
          "borderBottomLeftRadius": 5,
          "borderBottomRightRadius": 5,
          "borderTopLeftRadius": 5,
          "borderTopRightRadius": 5,
          "elevation": 5,
          "marginBottom": 15,
          "opacity": 1,
          "paddingVertical": 15,
          "shadowColor": "#EB0057",
          "shadowOffset": {
            "height": 12,
            "width": 0,
          },
          "shadowOpacity": 0.58,
          "shadowRadius": 16,
        }
      }
      testID="loginButton"
    >
      <Text
        style={
          {
            "color": "#FFFFFF",
            "fontSize": 12,
            "textAlign": "center",
          }
        }
      >
        Login
      </Text>
    </View>
    <View
      accessibilityState={
        {
          "busy": undefined,
          "checked": undefined,
          "disabled": undefined,
          "expanded": undefined,
          "selected": undefined,
        }
      }
      accessibilityValue={
        {
          "max": undefined,
          "min": undefined,
          "now": undefined,
          "text": undefined,
        }
      }
      accessible={true}
      collapsable={false}
      focusable={true}
      onClick={[Function]}
      onResponderGrant={[Function]}
      onResponderMove={[Function]}
      onResponderRelease={[Function]}
      onResponderTerminate={[Function]}
      onResponderTerminationRequest={[Function]}
      onStartShouldSetResponder={[Function]}
      style={
        {
          "backgroundColor": "#262727",
          "borderBottomLeftRadius": 5,
          "borderBottomRightRadius": 5,
          "borderTopLeftRadius": 5,
          "borderTopRightRadius": 5,
          "elevation": 5,
          "marginBottom": 15,
          "opacity": 1,
          "paddingVertical": 15,
          "shadowColor": "#262727",
          "shadowOffset": {
            "height": 12,
            "width": 0,
          },
          "shadowOpacity": 0.58,
          "shadowRadius": 16,
        }
      }
      testID="registerButton"
    >
      <Text
        style={
          {
            "color": "#FFFFFF",
            "fontSize": 12,
            "textAlign": "center",
          }
        }
      >
        Register
      </Text>
    </View>
  </View>
</View>
`;
